==============================================
üìä SYSTEM HEALTH REPORT - Mon Jul 28 10:14:33 CDT 2025
==============================================

üïí UPTIME:
up 16 hours, 28 minutes

üíª OS INFORMATION:
PRETTY_NAME="Kali GNU/Linux Rolling"
VERSION="2024.4"

üß† CPU LOAD:
Load Average: 1.74, 1.62, 1.47

üì¶ MEMORY USAGE:
               total        used        free      shared  buff/cache   available
Mem:            11Gi       8.0Gi       612Mi       1.6Gi       5.0Gi       3.6Gi
Swap:          976Mi          0B       976Mi

üíΩ DISK USAGE:
Filesystem     Type      Size  Used Avail Use% Mounted on
/dev/sda4      ext4       28G   22G  4.9G  82% /
efivarfs       efivarfs  100K   72K   24K  76% /sys/firmware/efi/efivars
/dev/sda6      ext4      368G  5.2G  344G   2% /home
/dev/sda1      vfat       96M   29M   68M  30% /boot/efi

üî• TOP 5 CPU-CONSUMING PROCESSES:
    PID    PPID CMD                         %CPU %MEM
  28524   28512 ps -eo pid,ppid,cmd,%cpu,%m  500  0.0
  17007    2696 /opt/google/chrome/chrome - 16.7  6.6
  28512   26579 /bin/bash /home/fay/devops- 14.2  0.0
  28456    2696 /opt/google/chrome/chrome -  8.9  1.5
   2676    1939 /opt/google/chrome/chrome    6.4  4.8

üíæ TOP 5 MEMORY-CONSUMING PROCESSES:
    PID    PPID CMD                         %CPU %MEM
  17007    2696 /opt/google/chrome/chrome - 16.7  6.6
   3810    2696 /opt/google/chrome/chrome -  1.1  6.5
   2676    1939 /opt/google/chrome/chrome    6.4  4.8
   3388    2696 /opt/google/chrome/chrome -  5.8  4.5
   1939    1700 /usr/bin/gnome-shell         5.3  4.5

üåê NETWORK INTERFACES:
lo               UNKNOWN        127.0.0.1/8 ::1/128 
eth0             DOWN           
wlan0            UP             10.36.80.67/24 fe80::3239:26e1:6b77:afa6/64 
docker0          DOWN           172.17.0.1/16 

üîó ACTIVE NETWORK CONNECTIONS (Top 10):
Netid State      Recv-Q Send-Q                     Local Address:Port     Peer Address:PortProcess                            
udp   ESTAB      0      0                            10.36.80.67:50874 142.250.200.142:443  users:(("chrome",pid=2941,fd=28)) 
udp   ESTAB      0      0                            10.36.80.67:43808  216.58.223.196:443  users:(("chrome",pid=2941,fd=30)) 
udp   UNCONN     0      0                            10.36.80.67:3702          0.0.0.0:*    users:(("python3",pid=9769,fd=9)) 
udp   UNCONN     0      0                        239.255.255.250:3702          0.0.0.0:*    users:(("python3",pid=9769,fd=7)) 
udp   UNCONN     0      0                             172.17.0.1:3702          0.0.0.0:*    users:(("python3",pid=9769,fd=12))
udp   UNCONN     0      0                        239.255.255.250:3702          0.0.0.0:*    users:(("python3",pid=9769,fd=10))
udp   UNCONN     0      0                            224.0.0.251:5353          0.0.0.0:*    users:(("chrome",pid=2676,fd=410))
udp   ESTAB      0      0                            10.36.80.67:47143  172.217.18.202:443  users:(("chrome",pid=2941,fd=52)) 
udp   UNCONN     0      0                                0.0.0.0:39023         0.0.0.0:*    users:(("python3",pid=9769,fd=8)) 

‚úÖ REPORT COMPLETED!
üìÅ Log file saved to: ./logs/system_health_2025-07-28_10-14-33.log
